INFO - UnauthorizedError
INFO - hello
INFO - UnauthorizedError
