DEBUG - get: error
DEBUG - get: error
DEBUG - get: error
DEBUG - get: error
DEBUG - get: error
DEBUG - get: error
