INFO - handled: 302
INFO - handled: 302
INFO - handled: 302
INFO - handled: 302
INFO - handled: 302
INFO - handled: 302
