DEBUG - headAgentProbes respond
INFO - HeadAgentProbes handled: 200
INFO - HeadAgentProbes handled: 200
