[2017-08-02T22:37:34.798Z]  INFO: res-header/76488 on danger0.local: response sent
    HTTP/1.1 200 OK
