[2012-08-08T10:25:47.636Z] DEBUG: amon-master/12859 on 9724a190-27b6-4fd8-830b-a574f839c67d: headAgentProbes respond (req_id=888444, route=HeadAgentProbes, contentMD5=11FxOYiYfpMxmANj4kGJzg==)
