INFO - 127.0.0.1 <-- GET /v0/opps?q=software HTTP/1.1 304 - - Chrome 34.0 Mac OS X 10.9.2 232 ms
