FATAL - Exception caught: TypeError: Function.prototype.apply: Arguments list has wrong type
