[2014-05-16T03:04:13.961Z]  INFO: blah_api/69312 on myhost.home: 127.0.0.1 <-- GET /v0/opps?q=software HTTP/1.1 304 - - Chrome 34.0 Mac OS X 10.9.2 232 ms (remote-address=127.0.0.1, ip=127.0.0.1, method=GET, url=/v0/opps?q=software, referer=-, body={}, short-body={}, http-version=1.1, response-time=232, status-code=304, incoming=<--, req.remoteAddress=127.0.0.1, req.remotePort=58387)
    GET /v0/opps?q=software HTTP/1.1
    [Circular]
    --
    HTTP/1.1 304 Not Modified
    HTTP/1.1 304 Not Modified
    X-Powered-By: Express
    Access-Control-Allow-Origin: *
    Access-Control-Allow-Headers: X-Requested-With
    ETag: "-929537647"
    Date: Fri, 16 May 2014 03:04:13 GMT
    Connection: keep-alive
    --
    user-agent: {
      "family": "Chrome",
      "major": "34",
      "minor": "0",
      "patch": "1847",
      "device": {
        "family": "Other"
      },
      "os": {
        "family": "Mac OS X",
        "major": "10",
        "minor": "9",
        "patch": "2"
      }
    }
    --
    req-headers: {
      "host": "localhost:3000",
      "connection": "keep-alive",
      "cache-control": "max-age=0",
      "accept": "text/html,application/xhtml+xml,application/xml;q=0.9,image/webp,*/*;q=0.8",
      "user-agent": "Mozilla/5.0 (Macintosh; Intel Mac OS X 10_9_2) AppleWebKit/537.36 (KHTML, like Gecko) Chrome/34.0.1847.137 Safari/537.36",
      "accept-encoding": "gzip,deflate,sdch",
      "accept-language": "en-US,en;q=0.8",
      "cookie": "__atuvc=2%7C47; csrftoken=XXX; _ga=GA1.1.2104887628.1398883175",
      "if-none-match": "\"-929537647\""
    }
    --
    res-headers: {
      "x-powered-by": "Express",
      "access-control-allow-origin": "*",
      "access-control-allow-headers": "X-Requested-With",
      "etag": "\"-929537647\""
    }
