[2015-04-13T04:03:46.206Z] FATAL: AKP48/32421 on AKP48.akpwebdesign.com: Exception caught: TypeError: Function.prototype.apply: Arguments list has wrong type (module=Server)
    {}
    {}
    {}
    {}
    {}
    {}
