[2012-05-08T16:57:55.586Z]  INFO: agent1/73267 on headnode: message
[2012-05-08T17:02:49.339Z]  INFO: agent1/73267 on headnode: message
[2012-05-08T17:02:49.404Z]  INFO: agent1/73267 on headnode: message
[2012-05-08T17:02:49.404Z]  INFO: agent1/73267 on headnode: message
