[2017-08-02T22:37:34.798Z]  INFO: res-header/76488 on danger0.local: response sent
    HTTP/1.1 200 OK
    HTTP/1.1 200 OK
    Foo: bar
    Date: Wed, 02 Aug 2017 22:37:34 GMT
    Connection: keep-alive
    Content-Length: 21
