[2012-02-08T22:56:52.856Z]  INFO: myservice/123 on example.com: My message
