04:03:46.206Z FATAL AKP48: Exception caught: TypeError: Function.prototype.apply: Arguments list has wrong type (module=Server)
    {}
    {}
    {}
    {}
    {}
    {}
