10:37:39.557Z  INFO multichannel:
    HTTP/1.1 401 Unauthorized
    --
    response: {"error":"InvalidCredentials","description":"The access token provided has expired."}
