23:59:15.877Z TRACE minfo: request sent
    HEAD /dap/stor HTTP/1.1
    Connecting Host: 127.0.0.1
    accept: application/json, */*
    host: foo.example.com
    date: Fri, 12 May 2017 23:59:15 GMT
