00:00:03.114Z  INFO muskie/HttpServer: handled: 302 (audit=true, _audit=true, operation=get100, remotePort=57919, reqHeaderLength=49, err=false, latency=1, route=get100)
00:00:03.114Z  INFO muskie/HttpServer: handled: 302 (audit=true, _audit=true, operation=get100, remotePort=57919, reqHeaderLength=49, err=true, latency=1, route=get100)
00:00:03.114Z  INFO muskie/HttpServer: handled: 302 (audit=true, _audit=true, operation=get100, remotePort=57919, reqHeaderLength=49, err=null, latency=1, route=get100)
00:00:03.114Z  INFO muskie/HttpServer: handled: 302 (audit=true, _audit=true, operation=get100, remotePort=57919, reqHeaderLength=49, err="some string", latency=1, route=get100)
00:00:03.114Z  INFO muskie/HttpServer: handled: 302 (audit=true, _audit=true, operation=get100, remotePort=57919, reqHeaderLength=49, latency=1, route=get100)
    err: [
      "one",
      "two"
    ]
00:00:03.114Z  INFO muskie/HttpServer: handled: 302 (audit=true, _audit=true, operation=get100, remotePort=57919, reqHeaderLength=49, resHeaderLength=119, latency=1, route=get100)
    GET / HTTP/1.1
    host: manta.us-east.scloud.host
    connection: keep-alive
    --
    HTTP/1.1 302 Found
    content-length: 0
    connection: keep-alive
    date: Tue, 04 Dec 2018 00:00:03 GMT
    location: http://apidocs.joyent.com/manta/
    server: Manta
    --
    err: [
      "one",
      "two"
    ]
    --
    req.caller: {
      "login": null,
      "uuid": null,
      "groups": null,
      "user": null
    }
    --
    req.timers: {
      "redirect": 531
    }
