16:57:55.586Z  INFO agent1: message
17:02:49.339Z  INFO agent1: message
17:02:49.404Z  INFO agent1: message
17:02:49.404Z  INFO agent1: message
