16:58:55.586Z  INFO agent2: message
17:01:49.339Z  INFO agent2: message
17:02:47.404Z  INFO agent2: message
17:02:57.404Z  INFO agent2: message
17:08:01.105Z  INFO agent2: message
