16:14:07.610Z  INFO cnapi.get_existing_nics: got existing: 02:08:20:d7:53:e0 (job_uuid=3499b13e-dbca-4331-b13a-f164c0da320a, nic=<unknown>, res="error: Unknown nic \"020820d753e0\"")
