22:37:34.798Z  INFO res-header: response sent
    HTTP/1.1 200 OK
