22:37:34.798Z  INFO res-header: response sent
    HTTP/1.1 200 OK
    HTTP/1.1 200 OK
    Foo: bar
    Date: Wed, 02 Aug 2017 22:37:34 GMT
    Connection: keep-alive
    Content-Length: 21
