10:25:47.636Z DEBUG amon-master: headAgentProbes respond (req_id=888444, route=HeadAgentProbes, contentMD5=11FxOYiYfpMxmANj4kGJzg==)
